AndroidManifest.xml:320: Error: Class referenced in the manifest, com.topodroid.TDX.PtCmapActivity, was not found in the project or the libraries [MissingClass]
AndroidManifest.xml:181: Error: FixedActivity must extend android.app.Activity [Instantiatable]
AndroidManifest.xml:193: Error: GMActivity must extend android.app.Activity [Instantiatable]
AndroidManifest.xml:199: Error: CalibActivity must extend android.app.Activity [Instantiatable]
AndroidManifest.xml:205: Error: SurveyWindow must extend android.app.Activity [Instantiatable]
AndroidManifest.xml:211: Error: ShotWindow must extend android.app.Activity [Instantiatable]
AndroidManifest.xml:220: Error: SensorActivity must extend android.app.Activity [Instantiatable]
AndroidManifest.xml:227: Error: DeviceActivity must extend android.app.Activity [Instantiatable]
AndroidManifest.xml:284: Error: UserManualActivity must extend android.app.Activity [Instantiatable]
AndroidManifest.xml:304: Error: CWDActivity must extend android.app.Activity [Instantiatable]
AndroidManifest.xml:312: Error: BtAliasActivity must extend android.app.Activity [Instantiatable]
AndroidManifest.xml:328: Error: GraphPaperScaleActivity must extend android.app.Activity [Instantiatable]
AndroidManifest.xml:336: Error: SensorListActivity must extend android.app.Activity [Instantiatable]
AndroidManifest.xml:342: Error: TdManagerActivity must extend android.app.Activity [Instantiatable]
AndroidManifest.xml:347: Error: TdmConfigActivity must extend android.app.Activity [Instantiatable]
AndroidManifest.xml:352: Error: TdmViewActivity must extend android.app.Activity [Instantiatable]
AndroidManifest.xml:382: Error: TopoGL must extend android.app.Activity [Instantiatable]
src/com/topodroid/TDX/MyActivity.java:78: Error: Call requires API level 36 (current min is 21): registerBack [NewApi]
src/com/topodroid/TDX/MyActivity.java:85: Error: Call requires API level 36 (current min is 21): unregisterBack [NewApi]
src/com/topodroid/ui/MyDialog.java:254: Error: Call requires API level 36 (current min is 21): registerBack [NewApi]
src/com/topodroid/ui/MyDialog.java:264: Error: Call requires API level 36 (current min is 21): unregisterBack [NewApi]
res/values-cs/plurals.xml:3: Error: For locale "cs" (Czech) the following quantities should also be defined: many [MissingQuantity]
res/values-fr/plurals.xml:3: Error: For locale "fr" (French) the following quantities should also be defined: many [MissingQuantity]
res/values-bg/plurals.xml:7: Error: For locale "bg" (Bulgarian) the following quantities should also be defined: one [MissingQuantity]
res/values-fr/plurals.xml:7: Error: For locale "fr" (French) the following quantities should also be defined: many, one [MissingQuantity]
res/values-cs/plurals.xml:9: Error: For locale "cs" (Czech) the following quantities should also be defined: many [MissingQuantity]
res/values-bg/plurals.xml:11: Error: For locale "bg" (Bulgarian) the following quantities should also be defined: one [MissingQuantity]
res/values-fr/plurals.xml:11: Error: For locale "fr" (French) the following quantities should also be defined: many, one [MissingQuantity]
res/values-cs/plurals.xml:14: Error: For locale "cs" (Czech) the following quantities should also be defined: many [MissingQuantity]
res/values-fr/plurals.xml:15: Error: For locale "fr" (French) the following quantities should also be defined: many [MissingQuantity]
res/values-cs/plurals.xml:19: Error: For locale "cs" (Czech) the following quantities should also be defined: many [MissingQuantity]
res/values-fr/plurals.xml:20: Error: For locale "fr" (French) the following quantities should also be defined: many [MissingQuantity]
res/values-cs/plurals.xml:25: Error: For locale "cs" (Czech) the following quantities should also be defined: many [MissingQuantity]
res/values-fr/plurals.xml:25: Error: For locale "fr" (French) the following quantities should also be defined: many [MissingQuantity]
res/values-ru/plurals.xml:27: Error: For locale "ru" (Russian) the following quantities should also be defined: few, many [MissingQuantity]
res/values-fr/plurals.xml:30: Error: For locale "fr" (French) the following quantities should also be defined: many [MissingQuantity]
res/values-cs/plurals.xml:31: Error: For locale "cs" (Czech) the following quantities should also be defined: many [MissingQuantity]
res/values-cs/plurals.xml:37: Error: For locale "cs" (Czech) the following quantities should also be defined: many [MissingQuantity]
res/values-cs/plurals.xml:43: Error: For locale "cs" (Czech) the following quantities should also be defined: many [MissingQuantity]
res/values-cs/plurals.xml:49: Error: There should be at least one quantity string in this <plural> definition [MissingQuantity]
res/values/dimens.xml:16: Error: "labelweight" is not translated in "cs" (Czech), "ru" (Russian), "pt" (Portuguese), "bg" (Bulgarian), "cn", "it" (Italian), "fr" (French), "hu" (Hungarian), "es" (Spanish) [MissingTranslation]
res/values/dimens.xml:17: Error: "valueweight" is not translated in "cs" (Czech), "ru" (Russian), "pt" (Portuguese), "bg" (Bulgarian), "cn", "it" (Italian), "fr" (French), "hu" (Hungarian), "es" (Spanish) [MissingTranslation]
res/values/dimens.xml:18: Error: "stationweight" is not translated in "cs" (Czech), "ru" (Russian), "pt" (Portuguese), "bg" (Bulgarian), "cn", "it" (Italian), "fr" (French), "hu" (Hungarian), "es" (Spanish) [MissingTranslation]
res/values/strings.xml:7: Error: "ai_null_chat" is not translated in "pt" (Portuguese) or "cn" [MissingTranslation]
res/values/strings.xml:8: Error: "ai_error" is not translated in "pt" (Portuguese) or "cn" [MissingTranslation]
res/values/strings.xml:9: Error: "ai_internet" is not translated in "pt" (Portuguese) or "cn" [MissingTranslation]
res/values/strings.xml:10: Error: "ai_no_internet" is not translated in "pt" (Portuguese) or "cn" [MissingTranslation]
res/values/strings.xml:11: Error: "ai_no_model" is not translated in "ru" (Russian), "pt" (Portuguese), "bg" (Bulgarian), "cn", "it" (Italian), "es" (Spanish) [MissingTranslation]
res/values/strings.xml:12: Error: "ai_prompt" is not translated in "pt" (Portuguese) or "cn" [MissingTranslation]
res/values/strings.xml:13: Error: "ai_invalid_key" is not translated in "pt" (Portuguese) or "cn" [MissingTranslation]
res/values/strings.xml:14: Error: "ai_chat_reset" is not translated in "pt" (Portuguese), "cn", "es" (Spanish) [MissingTranslation]
res/values/strings.xml:15: Error: "ai_key_instruction" is not translated in "pt" (Portuguese) or "cn" [MissingTranslation]
res/values/strings.xml:16: Error: "ai_temperature" is not translated in "ru" (Russian), "pt" (Portuguese), "bg" (Bulgarian), "cn", "it" (Italian), "fr" (French), "es" (Spanish) [MissingTranslation]
res/values/strings.xml:17: Error: "ai_max_tokens" is not translated in "ru" (Russian), "pt" (Portuguese), "bg" (Bulgarian), "cn", "it" (Italian), "fr" (French), "es" (Spanish) [MissingTranslation]
res/values/strings.xml:27: Error: "db_not_ready" is not translated in "pt" (Portuguese), "bg" (Bulgarian), "cn", "it" (Italian), "fr" (French), "es" (Spanish) [MissingTranslation]
res/values/strings.xml:57: Error: "tdm_disconnected_survey" is not translated in "pt" (Portuguese), "bg" (Bulgarian), "cn", "it" (Italian), "fr" (French), "es" (Spanish) [MissingTranslation]
res/values/strings.xml:65: Error: "symbols_recover" is not translated in "pt" (Portuguese), "bg" (Bulgarian), "cn", "it" (Italian), "fr" (French), "es" (Spanish) [MissingTranslation]
res/values/strings.xml:119: Error: "thp_section_point" is not translated in "cs" (Czech), "de" (German), "ru" (Russian), "pt" (Portuguese), "bg" (Bulgarian), "cn", "it" (Italian), "fr" (French), "hu" (Hungarian), "es" (Spanish) [MissingTranslation]
res/values/strings.xml:120: Error: "thp_picture" is not translated in "cn" [MissingTranslation]
res/values/strings.xml:141: Error: "equal_station_names" is not translated in "pt" (Portuguese) [MissingTranslation]
res/values/strings.xml:156: Error: "fail_forget_device" is not translated in "pt" (Portuguese) [MissingTranslation]
res/values/strings.xml:194: Error: "calib_reset_ok" is not translated in "pt" (Portuguese), "fr" (French), "es" (Spanish) [MissingTranslation]
res/values/strings.xml:198: Error: "cali_err" is not translated in "pt" (Portuguese) or "es" (Spanish) [MissingTranslation]
res/values/strings.xml:199: Error: "cali_time" is not translated in "pt" (Portuguese) or "es" (Spanish) [MissingTranslation]
res/values/strings.xml:212: Error: "calib_acc_thr" is not translated in "pt" (Portuguese) or "es" (Spanish) [MissingTranslation]
res/values/strings.xml:213: Error: "calib_mag_thr" is not translated in "pt" (Portuguese) or "es" (Spanish) [MissingTranslation]
res/values/strings.xml:214: Error: "calib_dip_thr" is not translated in "pt" (Portuguese) or "es" (Spanish) [MissingTranslation]
res/values/strings.xml:382: Error: "location_no_permission" is not translated in "pt" (Portuguese), "bg" (Bulgarian), "it" (Italian), "fr" (French), "es" (Spanish) [MissingTranslation]
res/values/strings.xml:384: Error: "discovery_error" is not translated in "pt" (Portuguese) [MissingTranslation]
res/values/strings.xml:385: Error: "depth_format" is not translated in "de" (German), "pt" (Portuguese), "bg" (Bulgarian), "cn", "it" (Italian), "fr" (French), "es" (Spanish) [MissingTranslation]
res/values/strings.xml:426: Error: "error_question" is not translated in "pt" (Portuguese) [MissingTranslation]
res/values/strings.xml:452: Error: "reset_ids" is not translated in "cs" (Czech), "de" (German), "ru" (Russian), "pt" (Portuguese), "bg" (Bulgarian), "cn", "it" (Italian), "fr" (French), "es" (Spanish) [MissingTranslation]
res/values/strings.xml:517: Error: "format_setting" is not translated in "pt" (Portuguese) [MissingTranslation]
res/values/strings.xml:541: Error: "menu_bulkops" is not translated in "pt" (Portuguese), "fr" (French), "es" (Spanish) [MissingTranslation]
res/values/strings.xml:559: Error: "menu_calib_auto" is not translated in "cn" [MissingTranslation]
res/values/strings.xml:662: Error: "scanset_delete" is not translated in "pt" (Portuguese), "bg" (Bulgarian), "cn", "it" (Italian), "es" (Spanish) [MissingTranslation]
res/values/strings.xml:672: Error: "plot_no_backups" is not translated in "pt" (Portuguese), "cn", "fr" (French), "es" (Spanish) [MissingTranslation]
res/values/strings.xml:693: Error: "scrap_index" is not translated in "de" (German), "pt" (Portuguese), "bg" (Bulgarian), "cn", "it" (Italian), "fr" (French), "es" (Spanish) [MissingTranslation]
res/values/strings.xml:731: Error: "scan_type" is not translated in "pt" (Portuguese) or "es" (Spanish) [MissingTranslation]
res/values/strings.xml:769: Error: "tdr_load_fail" is not translated in "pt" (Portuguese), "bg" (Bulgarian), "it" (Italian), "fr" (French), "es" (Spanish) [MissingTranslation]
res/values/strings.xml:804: Error: "shot_paste_text" is not translated in "pt" (Portuguese) or "es" (Spanish) [MissingTranslation]
res/values/strings.xml:814: Error: "calib_write_failed" is not translated in "pt" (Portuguese), "fr" (French), "es" (Spanish) [MissingTranslation]
res/values/strings.xml:815: Error: "calib_read_failed" is not translated in "pt" (Portuguese), "fr" (French), "es" (Spanish) [MissingTranslation]
res/values/strings.xml:816: Error: "calib_check_failed" is not translated in "pt" (Portuguese), "fr" (French), "es" (Spanish) [MissingTranslation]
res/values/strings.xml:878: Error: "hide_scan" is not translated in "pt" (Portuguese) or "es" (Spanish) [MissingTranslation]
res/values/strings.xml:901: Error: "xsection_view" is not translated in "pt" (Portuguese), "bg" (Bulgarian), "cn", "it" (Italian), "es" (Spanish) [MissingTranslation]
res/values/strings.xml:916: Error: "ask_forget_device" is not translated in "pt" (Portuguese) [MissingTranslation]
res/values/strings.xml:917: Error: "ask_scan_delete" is not translated in "pt" (Portuguese), "bg" (Bulgarian), "cn", "it" (Italian), "es" (Spanish) [MissingTranslation]
res/values/strings.xml:923: Error: "button_forget" is not translated in "pt" (Portuguese) [MissingTranslation]
res/values/strings.xml:937: Error: "button_empty" is not translated in "pt" (Portuguese) or "es" (Spanish) [MissingTranslation]
res/values/strings.xml:938: Error: "button_settime" is not translated in "pt" (Portuguese) [MissingTranslation]
res/values/strings.xml:940: Error: "button_splay" is not translated in "pt" (Portuguese), "bg" (Bulgarian), "es" (Spanish) [MissingTranslation]
res/values/strings.xml:941: Error: "button_scan" is not translated in "pt" (Portuguese), "bg" (Bulgarian), "es" (Spanish) [MissingTranslation]
res/values/strings.xml:967: Error: "button_prefix" is not translated in "cn" [MissingTranslation]
res/values/strings.xml:990: Error: "button_clear_all" is not translated in "cn" [MissingTranslation]
res/values/strings.xml:996: Error: "button_toggle" is not translated in "pt" (Portuguese), "fr" (French), "es" (Spanish) [MissingTranslation]
res/values/strings.xml:997: Error: "button_import" is not translated in "pt" (Portuguese), "fr" (French), "es" (Spanish) [MissingTranslation]
res/values/strings.xml:998: Error: "button_submit" is not translated in "pt" (Portuguese) [MissingTranslation]
res/values/strings.xml:1005: Error: "button_scrap" is not translated in "cn" [MissingTranslation]
res/values/strings.xml:1013: Error: "button_start" is not translated in "cn" [MissingTranslation]
res/values/strings.xml:1014: Error: "button_stop" is not translated in "cn" [MissingTranslation]
res/values/strings.xml:1027: Error: "button_xpoint" is not translated in "cs" (Czech), "de" (German), "ru" (Russian), "pt" (Portuguese), "bg" (Bulgarian), "cn", "it" (Italian), "fr" (French), "hu" (Hungarian), "es" (Spanish) [MissingTranslation]
res/values/strings.xml:1096: Error: "hint_api_key" is not translated in "pt" (Portuguese) [MissingTranslation]
res/values/strings.xml:1125: Error: "hint_prefix" is not translated in "cn" [MissingTranslation]
res/values/strings.xml:1194: Error: "help_text" is not translated in "pt" (Portuguese) or "es" (Spanish) [MissingTranslation]
res/values/strings.xml:1287: Error: "help_bulkops_surveys" is not translated in "pt" (Portuguese), "cn", "fr" (French), "es" (Spanish) [MissingTranslation]
res/values/strings.xml:1317: Error: "help_all_equates" is not translated in "cn" [MissingTranslation]
res/values/strings.xml:1319: Error: "help_equate_surveys" is not translated in "pt" (Portuguese), "bg" (Bulgarian), "cn", "it" (Italian), "fr" (French), "es" (Spanish) [MissingTranslation]
res/values/strings.xml:1388: Error: "title_gemini" is not translated in "pt" (Portuguese) [MissingTranslation]
res/values/strings.xml:1389: Error: "title_ai_dialog" is not translated in "pt" (Portuguese) [MissingTranslation]
res/values/strings.xml:1390: Error: "title_ai_dialog_pref" is not translated in "pt" (Portuguese) [MissingTranslation]
res/values/strings.xml:1395: Error: "title_calibration" is not translated in "pt" (Portuguese), "fr" (French), "es" (Spanish) [MissingTranslation]
res/values/strings.xml:1406: Error: "title_scan_shot" is not translated in "pt" (Portuguese) or "es" (Spanish) [MissingTranslation]
res/values/strings.xml:1407: Error: "title_scanset" is not translated in "pt" (Portuguese), "bg" (Bulgarian), "cn", "it" (Italian), "es" (Spanish) [MissingTranslation]
res/values/strings.xml:1410: Error: "title_stations" is not translated in "es" (Spanish) [MissingTranslation]
res/values/strings.xml:1449: Error: "title_plan" is not translated in "pt" (Portuguese), "fr" (French), "es" (Spanish) [MissingTranslation]
res/values/strings.xml:1450: Error: "title_profile" is not translated in "pt" (Portuguese), "fr" (French), "es" (Spanish) [MissingTranslation]
res/values/strings.xml:1516: Error: "title_shot_edit" is not translated in "pt" (Portuguese), "fr" (French), "es" (Spanish) [MissingTranslation]
res/values/strings.xml:1517: Error: "title_multishot" is not translated in "pt" (Portuguese), "fr" (French), "es" (Spanish) [MissingTranslation]
res/values/strings.xml:1539: Error: "title_import_surveys" is not translated in "pt" (Portuguese), "bg" (Bulgarian), "cn", "it" (Italian), "fr" (French), "es" (Spanish) [MissingTranslation]
res/values/strings.xml:1551: Error: "pref_bulk_export_title" is not translated in "cn" [MissingTranslation]
res/values/strings.xml:1552: Error: "pref_bulk_export_summary" is not translated in "cn" [MissingTranslation]
res/values/strings.xml:1593: Error: "pref_gemini_title" is not translated in "pt" (Portuguese) [MissingTranslation]
res/values/strings.xml:1594: Error: "pref_gemini_summary" is not translated in "pt" (Portuguese) [MissingTranslation]
res/values/strings.xml:1600: Error: "pref_hide_navbar_summary" is not translated in "cn" [MissingTranslation]
res/values/strings.xml:1601: Error: "pref_analytics_title" is not translated in "pt" (Portuguese), "bg" (Bulgarian), "cn", "it" (Italian), "es" (Spanish) [MissingTranslation]
res/values/strings.xml:1602: Error: "pref_analytics_summary" is not translated in "pt" (Portuguese), "bg" (Bulgarian), "cn", "it" (Italian), "es" (Spanish) [MissingTranslation]
res/values/strings.xml:1678: Error: "pref_ply_minus_title" is not translated in "cn" [MissingTranslation]
res/values/strings.xml:1679: Error: "pref_ply_minus_summary" is not translated in "cn" [MissingTranslation]
res/values/strings.xml:1799: Error: "pref_cvwy_abs_title" is not translated in "pt" (Portuguese), "bg" (Bulgarian), "it" (Italian), "fr" (French), "es" (Spanish) [MissingTranslation]
res/values/strings.xml:1800: Error: "pref_cvwy_abs_summary" is not translated in "pt" (Portuguese), "bg" (Bulgarian), "it" (Italian), "fr" (French), "es" (Spanish) [MissingTranslation]
res/values/strings.xml:1801: Error: "pref_cvwy_dip_title" is not translated in "pt" (Portuguese), "bg" (Bulgarian), "it" (Italian), "fr" (French), "es" (Spanish) [MissingTranslation]
res/values/strings.xml:1802: Error: "pref_cvwy_dip_summary" is not translated in "pt" (Portuguese), "bg" (Bulgarian), "it" (Italian), "fr" (French), "es" (Spanish) [MissingTranslation]
res/values/strings.xml:1803: Error: "pref_cvwy_angle_title" is not translated in "pt" (Portuguese), "bg" (Bulgarian), "it" (Italian), "fr" (French), "es" (Spanish) [MissingTranslation]
res/values/strings.xml:1804: Error: "pref_cvwy_angle_summary" is not translated in "pt" (Portuguese), "bg" (Bulgarian), "it" (Italian), "fr" (French), "es" (Spanish) [MissingTranslation]
res/values/strings.xml:1806: Error: "pref_plot_screen_title" is not translated in "cs" (Czech) [MissingTranslation]
res/values/strings.xml:1821: Error: "pref_toolbar_update_title" is not translated in "pt" (Portuguese) or "es" (Spanish) [MissingTranslation]
res/values/strings.xml:1822: Error: "pref_toolbar_update_summary" is not translated in "pt" (Portuguese), "cn", "es" (Spanish) [MissingTranslation]
res/values/strings.xml:1935: Error: "pref_beep_length_title" is not translated in "pt" (Portuguese), "cn", "es" (Spanish) [MissingTranslation]
res/values/strings.xml:1936: Error: "pref_beep_length_summary" is not translated in "pt" (Portuguese) or "es" (Spanish) [MissingTranslation]
res/values/strings.xml:1983: Error: "pref_plot_cache_title" is not translated in "cn" [MissingTranslation]
res/values/strings.xml:1984: Error: "pref_plot_cache_summary" is not translated in "cn" [MissingTranslation]
res/values/strings.xml:2003: Error: "pref_lineclip_title" is not translated in "cs" (Czech), "de" (German), "ru" (Russian), "pt" (Portuguese), "bg" (Bulgarian), "cn", "it" (Italian), "fr" (French), "hu" (Hungarian), "es" (Spanish) [MissingTranslation]
res/values/strings.xml:2004: Error: "pref_lineclip_summary" is not translated in "cs" (Czech), "de" (German), "ru" (Russian), "pt" (Portuguese), "bg" (Bulgarian), "cn", "it" (Italian), "fr" (French), "hu" (Hungarian), "es" (Spanish) [MissingTranslation]
res/values/strings.xml:2018: Error: "pref_line_ends_summary" is not translated in "cn" [MissingTranslation]
res/values/strings.xml:2069: Error: "pref_shot_tampering_title" is not translated in "cn" [MissingTranslation]
res/values/strings.xml:2070: Error: "pref_shot_tampering_summary" is not translated in "cn" [MissingTranslation]
res/values/strings.xml:2083: Error: "pref_reset_ids_title" is not translated in "cs" (Czech), "de" (German), "ru" (Russian), "pt" (Portuguese), "bg" (Bulgarian), "cn", "it" (Italian), "fr" (French), "es" (Spanish) [MissingTranslation]
res/values/strings.xml:2084: Error: "pref_reset_ids_summary" is not translated in "cs" (Czech), "de" (German), "ru" (Russian), "pt" (Portuguese), "bg" (Bulgarian), "cn", "it" (Italian), "fr" (French), "es" (Spanish) [MissingTranslation]
res/values/strings.xml:2284: Error: "equate_exists" is not translated in "pt" (Portuguese), "bg" (Bulgarian), "cn", "it" (Italian), "fr" (French), "es" (Spanish) [MissingTranslation]
res/values/strings.xml:2299: Error: "button_equate_all" is not translated in "cn" [MissingTranslation]
res/values/strings.xml:2300: Error: "button_equate_one" is not translated in "cn" [MissingTranslation]
res/values/strings.xml:2301: Error: "button_equate_search" is not translated in "cn" [MissingTranslation]
res/values/strings.xml:2307: Error: "title_tdsurveys" is not translated in "pt" (Portuguese), "bg" (Bulgarian), "cn", "it" (Italian), "fr" (French), "es" (Spanish) [MissingTranslation]
res/values/strings.xml:2308: Error: "title_symbols" is not translated in "pt" (Portuguese), "bg" (Bulgarian), "cn", "fr" (French), "es" (Spanish) [MissingTranslation]
res/values/strings.xml:2309: Error: "title_symbol_choose" is not translated in "pt" (Portuguese), "bg" (Bulgarian), "cn", "it" (Italian), "fr" (French), "es" (Spanish) [MissingTranslation]
res/values/strings.xml:2532: Error: "cavway_sync_failed" is not translated in "pt" (Portuguese) [MissingTranslation]
res/values/strings.xml:2533: Error: "cavway_synchronized" is not translated in "pt" (Portuguese) [MissingTranslation]
res/values/strings.xml:2534: Error: "cavway_sync_ok" is not translated in "pt" (Portuguese) [MissingTranslation]
res/values/strings.xml:2535: Error: "cavway_sync_offset" is not translated in "pt" (Portuguese) [MissingTranslation]
res/values/strings.xml:2590: Error: "cpref_texture_root_title" is not translated in "cn" [MissingTranslation]
res/values/strings.xml:2591: Error: "cpref_texture_root_summary" is not translated in "cn" [MissingTranslation]
res/values-fr/plurals.xml:4: Error: The quantity 'one' matches more than one specific number in this locale (0, 1), but the message did not include a formatting argument (such as %d). This is usually an internationalization error. See full issue explanation for more. [ImpliedQuantity]
res/values-pt/plurals.xml:4: Error: The quantity 'one' matches more than one specific number in this locale (0, 1), but the message did not include a formatting argument (such as %d). This is usually an internationalization error. See full issue explanation for more. [ImpliedQuantity]
res/values-pt/plurals.xml:9: Error: The quantity 'one' matches more than one specific number in this locale (0, 1), but the message did not include a formatting argument (such as %d). This is usually an internationalization error. See full issue explanation for more. [ImpliedQuantity]
